------------------------------------------------------------
Timing Analyzer Summary
------------------------------------------------------------

Type  : Slow 1100mV 85C Model Setup 'clk'
Slack : 8.724
TNS   : 0.000

Type  : Slow 1100mV 85C Model Hold 'clk'
Slack : 0.306
TNS   : 0.000

Type  : Slow 1100mV 85C Model Recovery 'clk'
Slack : 16.945
TNS   : 0.000

Type  : Slow 1100mV 85C Model Removal 'clk'
Slack : 1.003
TNS   : 0.000

Type  : Slow 1100mV 85C Model Minimum Pulse Width 'clk'
Slack : 9.406
TNS   : 0.000

Type  : Slow 1100mV 0C Model Setup 'clk'
Slack : 8.337
TNS   : 0.000

Type  : Slow 1100mV 0C Model Hold 'clk'
Slack : 0.289
TNS   : 0.000

Type  : Slow 1100mV 0C Model Recovery 'clk'
Slack : 14.265
TNS   : 0.000

Type  : Slow 1100mV 0C Model Removal 'clk'
Slack : 3.444
TNS   : 0.000

Type  : Slow 1100mV 0C Model Minimum Pulse Width 'clk'
Slack : 9.330
TNS   : 0.000

Type  : Fast 1100mV 85C Model Setup 'clk'
Slack : 14.235
TNS   : 0.000

Type  : Fast 1100mV 85C Model Hold 'clk'
Slack : 0.174
TNS   : 0.000

Type  : Fast 1100mV 85C Model Recovery 'clk'
Slack : 15.645
TNS   : 0.000

Type  : Fast 1100mV 85C Model Removal 'clk'
Slack : 2.381
TNS   : 0.000

Type  : Fast 1100mV 85C Model Minimum Pulse Width 'clk'
Slack : 9.408
TNS   : 0.000

Type  : Fast 1100mV 0C Model Setup 'clk'
Slack : 14.519
TNS   : 0.000

Type  : Fast 1100mV 0C Model Hold 'clk'
Slack : 0.160
TNS   : 0.000

Type  : Fast 1100mV 0C Model Recovery 'clk'
Slack : 17.719
TNS   : 0.000

Type  : Fast 1100mV 0C Model Removal 'clk'
Slack : 0.558
TNS   : 0.000

Type  : Fast 1100mV 0C Model Minimum Pulse Width 'clk'
Slack : 9.410
TNS   : 0.000

------------------------------------------------------------
