------------------------------------------------------------
Timing Analyzer Summary
------------------------------------------------------------

Type  : Slow 1100mV 85C Model Setup 'clk'
Slack : 8.531
TNS   : 0.000

Type  : Slow 1100mV 85C Model Hold 'clk'
Slack : 0.330
TNS   : 0.000

Type  : Slow 1100mV 85C Model Recovery 'clk'
Slack : 13.884
TNS   : 0.000

Type  : Slow 1100mV 85C Model Removal 'clk'
Slack : 3.860
TNS   : 0.000

Type  : Slow 1100mV 85C Model Minimum Pulse Width 'clk'
Slack : 9.398
TNS   : 0.000

Type  : Slow 1100mV 0C Model Setup 'clk'
Slack : 8.186
TNS   : 0.000

Type  : Slow 1100mV 0C Model Hold 'clk'
Slack : 0.310
TNS   : 0.000

Type  : Slow 1100mV 0C Model Recovery 'clk'
Slack : 14.484
TNS   : 0.000

Type  : Slow 1100mV 0C Model Removal 'clk'
Slack : 3.318
TNS   : 0.000

Type  : Slow 1100mV 0C Model Minimum Pulse Width 'clk'
Slack : 9.328
TNS   : 0.000

Type  : Fast 1100mV 85C Model Setup 'clk'
Slack : 14.025
TNS   : 0.000

Type  : Fast 1100mV 85C Model Hold 'clk'
Slack : 0.197
TNS   : 0.000

Type  : Fast 1100mV 85C Model Recovery 'clk'
Slack : 15.842
TNS   : 0.000

Type  : Fast 1100mV 85C Model Removal 'clk'
Slack : 2.287
TNS   : 0.000

Type  : Fast 1100mV 85C Model Minimum Pulse Width 'clk'
Slack : 9.407
TNS   : 0.000

Type  : Fast 1100mV 0C Model Setup 'clk'
Slack : 14.376
TNS   : 0.000

Type  : Fast 1100mV 0C Model Hold 'clk'
Slack : 0.174
TNS   : 0.000

Type  : Fast 1100mV 0C Model Recovery 'clk'
Slack : 16.092
TNS   : 0.000

Type  : Fast 1100mV 0C Model Removal 'clk'
Slack : 2.131
TNS   : 0.000

Type  : Fast 1100mV 0C Model Minimum Pulse Width 'clk'
Slack : 9.411
TNS   : 0.000

------------------------------------------------------------
