------------------------------------------------------------
Timing Analyzer Summary
------------------------------------------------------------

Type  : Slow 1100mV 85C Model Setup 'clk'
Slack : 9.846
TNS   : 0.000

Type  : Slow 1100mV 85C Model Hold 'clk'
Slack : 0.472
TNS   : 0.000

Type  : Slow 1100mV 85C Model Recovery 'clk'
Slack : 17.104
TNS   : 0.000

Type  : Slow 1100mV 85C Model Removal 'clk'
Slack : 0.807
TNS   : 0.000

Type  : Slow 1100mV 85C Model Minimum Pulse Width 'clk'
Slack : 9.390
TNS   : 0.000

Type  : Slow 1100mV 0C Model Setup 'clk'
Slack : 9.330
TNS   : 0.000

Type  : Slow 1100mV 0C Model Hold 'clk'
Slack : 0.466
TNS   : 0.000

Type  : Slow 1100mV 0C Model Recovery 'clk'
Slack : 14.416
TNS   : 0.000

Type  : Slow 1100mV 0C Model Removal 'clk'
Slack : 3.276
TNS   : 0.000

Type  : Slow 1100mV 0C Model Minimum Pulse Width 'clk'
Slack : 9.314
TNS   : 0.000

Type  : Fast 1100mV 85C Model Setup 'clk'
Slack : 14.449
TNS   : 0.000

Type  : Fast 1100mV 85C Model Hold 'clk'
Slack : 0.288
TNS   : 0.000

Type  : Fast 1100mV 85C Model Recovery 'clk'
Slack : 15.820
TNS   : 0.000

Type  : Fast 1100mV 85C Model Removal 'clk'
Slack : 2.264
TNS   : 0.000

Type  : Fast 1100mV 85C Model Minimum Pulse Width 'clk'
Slack : 9.412
TNS   : 0.000

Type  : Fast 1100mV 0C Model Setup 'clk'
Slack : 14.820
TNS   : 0.000

Type  : Fast 1100mV 0C Model Hold 'clk'
Slack : 0.272
TNS   : 0.000

Type  : Fast 1100mV 0C Model Recovery 'clk'
Slack : 17.866
TNS   : 0.000

Type  : Fast 1100mV 0C Model Removal 'clk'
Slack : 0.454
TNS   : 0.000

Type  : Fast 1100mV 0C Model Minimum Pulse Width 'clk'
Slack : 9.413
TNS   : 0.000

------------------------------------------------------------
